---
source: src/middle/irgen/mod.rs
expression: llvm_ir
---
define i32 @main() {
%entry:
%alloca_1 = alloca i1
%icmp_2 = icmp slt i32 1, 2
store i1 %icmp_2, ptr %alloca_1
%alloca_4 = alloca i1
%itofp_5 = sitofp i32 1 to float
%fcmp_6 = fcmp ult float %itofp_5, 1.1
store i1 %fcmp_6, ptr %alloca_4
%load_10 = load i1, ptr %alloca_1
br i1 %load_10, label %alt0, label %final1

%alt0:
%load_12 = load i1, ptr %alloca_4
br label %final1

%final1:
%phi_14 = phi i1 [false, %entry], [%load_12, %alt0]
%zext_15 = zext i1 %phi_14 to i32
ret i32 %zext_15


}
