---
source: src/middle/irgen/mod.rs
expression: llvm_ir
---
define i32 @main() {
%entry:
%alloca_2 = alloca i32
%alloca_5 = alloca i32
store i32 1, ptr %alloca_5
%load_7 = load i32, ptr %alloca_5
%Sub_8 = sub i32, 0, %load_7
%icmp_9 = icmp ne i32 %Sub_8, 0
%Xor_10 = xor i1, %icmp_9, true
%zext_11 = zext i1 %Xor_10 to i32
store i32 %zext_11, ptr %alloca_2
br label %exit

%exit:
%load_3 = load i32, ptr %alloca_2
ret i32 %load_3


}
