---
source: src/middle/irgen/mod.rs
expression: llvm_ir
---
define i32 @main() {
%entry:
%alloca_1 = alloca i32
store i32 1, ptr %alloca_1
%load_3 = load i32, ptr %alloca_1
%Sub_4 = sub i32, 0, %load_3
%icmp_5 = icmp ne i32 %Sub_4, 0
%Xor_6 = xor i1, %icmp_5, true
%zext_7 = zext i1 %Xor_6 to i32
ret i32 %zext_7


}
