---
source: src/middle/irgen/mod.rs
expression: llvm_ir
---
@PI = dso_local constant float 3.1415925
define i32 @main() {
%entry:
%alloca_2 = alloca i32
%load_5 = load float, ptr @PI
%fptoi_6 = fptosi float %load_5 to i32
store i32 %fptoi_6, ptr %alloca_2
br label %exit

%exit:
%load_3 = load i32, ptr %alloca_2
ret i32 %load_3


}
