---
source: src/middle/irgen/mod.rs
expression: llvm_ir
---
define i32 @main() {
%entry:
%alloca_1 = alloca i32
store i32 0, ptr %alloca_1
br label %cond0

%cond0:
%load_11 = load i32, ptr %alloca_1
%icmp_12 = icmp slt i32 %load_11, 10
br i1 %icmp_12, label %body1, label %final2

%body1:
%load_7 = load i32, ptr %alloca_1
%Add_8 = add i32, %load_7, 1
store i32 %Add_8, ptr %alloca_1
br label %final2

%final2:
%load_14 = load i32, ptr %alloca_1
ret i32 %load_14


}
