---
source: src/middle/irgen/mod.rs
expression: llvm_ir
---
@format0 = dso_local constant [7 x i32] [i32 120, i32 32, i32 61, i32 32, i32 37, i32 100, i32 0]
define i32 @main() {
%entry:
%alloca_2 = alloca i32
%alloca_5 = alloca i32
%call_6 = call i32 @getint()
store i32 %call_6, ptr %alloca_5
%getelementptr_8 = getelementptr [7 x i32], ptr @format0, i32 0, i32 0
%load_9 = load i32, ptr %alloca_5
%call_10 = call void @putf(i32* %getelementptr_8, i32 %load_9)
store i32 0, ptr %alloca_2
br label %exit

%exit:
%load_3 = load i32, ptr %alloca_2
ret i32 %load_3


}
