---
source: src/middle/irgen/mod.rs
expression: llvm_ir
---
define i32 @main() {
%entry:
%alloca_1 = alloca [1 x i32]
%getelementptr_2 = getelementptr [1 x i32], ptr %alloca_1, i32 0, i32 0
%getelementptr_3 = getelementptr i32, ptr %getelementptr_2, i32 0
store i32 0, ptr %getelementptr_3
%getelementptr_5 = getelementptr [1 x i32], ptr %alloca_1, i32 0, i32 0
%load_6 = load i32, ptr %getelementptr_5
%getelementptr_7 = getelementptr [1 x i32], ptr %alloca_1, i32 0, i32 %load_6
store i32 1, ptr %getelementptr_7
%getelementptr_9 = getelementptr [1 x i32], ptr %alloca_1, i32 0, i32 0
%load_10 = load i32, ptr %getelementptr_9
ret i32 %load_10


}
