---
source: src/middle/irgen/mod.rs
expression: llvm_ir
---
define i32 @main() {
%entry:
%alloca_2 = alloca i32
br label %cond0

%cond0:
%icmp_10 = icmp ne i32 1, 0
br i1 %icmp_10, label %body1, label %final2

%body1:
br label %final2

%final2:
store i32 0, ptr %alloca_2
br label %exit

%exit:
%load_3 = load i32, ptr %alloca_2
ret i32 %load_3


}
