---
source: src/middle/irgen/mod.rs
expression: llvm_ir
---
define i32 @main() {
%entry:
%alloca_2 = alloca i32
%alloca_5 = alloca i32
store i32 1, ptr %alloca_5
%alloca_7 = alloca i32
store i32 2, ptr %alloca_7
%alloca_9 = alloca i32
%load_10 = load i32, ptr %alloca_5
%load_11 = load i32, ptr %alloca_7
%Add_12 = add i32, %load_10, %load_11
store i32 %Add_12, ptr %alloca_9
%load_14 = load i32, ptr %alloca_9
store i32 %load_14, ptr %alloca_2
br label %exit

%exit:
%load_3 = load i32, ptr %alloca_2
ret i32 %load_3


}
